Logging output to: query_subcorpus_20260319_132535.log

======================================================================
QUERY SUBCORPUS MILVUS COLLECTIONS
======================================================================
Database: compositionality_subcorpus
Collection: sentences
Queries file: /home/akaluski/test1/research_queries.txt
Output file: /home/akaluski/test1/query_results.json
Model: multi-qa-MiniLM-L6-cos-v1
Results per query: 10
======================================================================

Loading queries from: /home/akaluski/test1/research_queries.txt
Loaded 1 queries
Connecting to Milvus at localhost:19530...
Connected to database: compositionality_subcorpus
Loading encoder model: multi-qa-MiniLM-L6-cos-v1...
Loaded multi-qa-MiniLM-L6-cos-v1 using sentence-transformers (device: cuda)
Encoder loaded on cuda
Encoding 1 queries...
Querying collection: sentences
Loading collection sentences...
Releasing collection sentences to free up resources...
Collection released

Error: <MilvusException: (code=65535, message=fail to search on QueryNode 21: worker(21) query failed: vector dimension mismatch, expected vector size(byte) 3072, actual 1536.)>

============================================================
Script finished at: 2026-03-19 13:25:49
============================================================
